pdf-one-vector p0 identity: pos=True votes=3 match=True
pdf-one-vector p0 jpeg-85: pos=True votes=3 match=True
pdf-one-vector p0 jpeg-70: pos=True votes=3 match=True
pdf-one-vector p0 jpeg-50: pos=True votes=0 match=False
pdf-one-vector p0 crop-010: pos=True votes=2 match=False
pdf-one-vector p0 crop-025: pos=True votes=2 match=False
pdf-one-vector p0 crop-050: pos=True votes=0 match=False
pdf-one-vector p0 resize-075: pos=True votes=3 match=True
pdf-one-vector p0 resize-050: pos=True votes=3 match=True
pdf-one-vector p0 resize-150: pos=True votes=3 match=True
pdf-one-vector p0 screenshot-1920: pos=True votes=0 match=False
pdf-one-vector p0 screenshot-1366: pos=True votes=0 match=False
pdf-one-vector p0 screenshot-perspective: pos=True votes=0 match=False
pdf-multi-mixed p1 identity: pos=True votes=3 match=True
pdf-multi-mixed p1 jpeg-85: pos=True votes=3 match=True
pdf-multi-mixed p1 jpeg-70: pos=True votes=3 match=True
pdf-multi-mixed p1 jpeg-50: pos=True votes=0 match=False
pdf-multi-mixed p1 crop-010: pos=True votes=0 match=False
pdf-multi-mixed p1 crop-025: pos=True votes=2 match=False
pdf-multi-mixed p1 crop-050: pos=True votes=0 match=False
pdf-multi-mixed p1 resize-075: pos=True votes=3 match=True
pdf-multi-mixed p1 resize-050: pos=True votes=3 match=True
pdf-multi-mixed p1 resize-150: pos=True votes=3 match=True
pdf-multi-mixed p1 screenshot-1920: pos=True votes=0 match=False
pdf-multi-mixed p1 screenshot-1366: pos=True votes=0 match=False
pdf-multi-mixed p1 screenshot-perspective: pos=True votes=0 match=False
image-clean-gradient p0 identity: pos=True votes=5 match=True
image-clean-gradient p0 jpeg-85: pos=True votes=5 match=True
image-clean-gradient p0 jpeg-70: pos=True votes=5 match=True
image-clean-gradient p0 jpeg-50: pos=True votes=0 match=False
image-clean-gradient p0 crop-010: pos=True votes=3 match=True
image-clean-gradient p0 crop-025: pos=True votes=4 match=True
image-clean-gradient p0 crop-050: pos=True votes=0 match=False
image-clean-gradient p0 resize-075: pos=True votes=5 match=True
image-clean-gradient p0 resize-050: pos=True votes=5 match=True
image-clean-gradient p0 resize-150: pos=True votes=5 match=True
image-clean-gradient p0 screenshot-1920: pos=True votes=0 match=False
image-clean-gradient p0 screenshot-1366: pos=True votes=0 match=False
image-clean-gradient p0 screenshot-perspective: pos=True votes=0 match=False
negative-external-01 p0 identity: pos=False votes=0 match=False
negative-external-01 p0 jpeg-85: pos=False votes=0 match=False
negative-external-01 p0 jpeg-70: pos=False votes=0 match=False
negative-external-01 p0 jpeg-50: pos=False votes=0 match=False
negative-external-01 p0 crop-010: pos=False votes=0 match=False
negative-external-01 p0 crop-025: pos=False votes=0 match=False
negative-external-01 p0 crop-050: pos=False votes=0 match=False
negative-external-01 p0 resize-075: pos=False votes=0 match=False
negative-external-01 p0 resize-050: pos=False votes=0 match=False
negative-external-01 p0 resize-150: pos=False votes=0 match=False
negative-external-01 p0 screenshot-1920: pos=False votes=0 match=False
negative-external-01 p0 screenshot-1366: pos=False votes=0 match=False
negative-external-01 p0 screenshot-perspective: pos=False votes=0 match=False
negative-external-05 p0 identity: pos=False votes=0 match=False
negative-external-05 p0 jpeg-85: pos=False votes=0 match=False
negative-external-05 p0 jpeg-70: pos=False votes=0 match=False
negative-external-05 p0 jpeg-50: pos=False votes=0 match=False
negative-external-05 p0 crop-010: pos=False votes=0 match=False
negative-external-05 p0 crop-025: pos=False votes=0 match=False
negative-external-05 p0 crop-050: pos=False votes=0 match=False
negative-external-05 p0 resize-075: pos=False votes=0 match=False
negative-external-05 p0 resize-050: pos=False votes=0 match=False
negative-external-05 p0 resize-150: pos=False votes=0 match=False
negative-external-05 p0 screenshot-1920: pos=False votes=0 match=False
negative-external-05 p0 screenshot-1366: pos=False votes=0 match=False
negative-external-05 p0 screenshot-perspective: pos=False votes=0 match=False
negative-external-09 p0 identity: pos=False votes=0 match=False
negative-external-09 p0 jpeg-85: pos=False votes=0 match=False
negative-external-09 p0 jpeg-70: pos=False votes=0 match=False
negative-external-09 p0 jpeg-50: pos=False votes=0 match=False
negative-external-09 p0 crop-010: pos=False votes=0 match=False
negative-external-09 p0 crop-025: pos=False votes=0 match=False
negative-external-09 p0 crop-050: pos=False votes=0 match=False
negative-external-09 p0 resize-075: pos=False votes=0 match=False
negative-external-09 p0 resize-050: pos=False votes=0 match=False
negative-external-09 p0 resize-150: pos=False votes=0 match=False
negative-external-09 p0 screenshot-1920: pos=False votes=0 match=False
negative-external-09 p0 screenshot-1366: pos=False votes=0 match=False
negative-external-09 p0 screenshot-perspective: pos=False votes=0 match=False
{
  "rows": 78,
  "elapsed_seconds": 495.5,
  "profile_sha256": "f33c8358d70199eaf8918e30ca7f9f715312a26f79116489721a7e31b81f7a99"
}
